    Finished test [unoptimized + debuginfo] target(s) 
     Running unittests src/lib.rs 
     Running tests/run_file.rs 
     Running tests/ui_tests.rs 
   Compiler flags: ["--error-format=json", "--edition=2021"]
   Building test dependencies...
tests/actual_tests/foomp.rs ... ok

test result: ok. 1 tests passed, 0 ignored, 0 filtered out

   Doc-tests basic_fail_mode
